2026-02-06T03:04:56.827139Z DEBUG flox: FLOX_VERSION=1.8.3
2026-02-06T03:04:56.828226Z DEBUG flox::config: Global config directory overridden path="/Users/chrisaddy/.config/flox"
2026-02-06T03:04:56.828378Z DEBUG flox::utils::init::sentry: Initializing Sentry with DSN: https://85c9526795f5047c99a5247aab616295:@o4506548203094016.ingest.us.sentry.io/4506548241825792
2026-02-06T03:04:56.829788Z DEBUG flox: set _FLOX_SUBSYSTEM_VERBOSITY=2
2026-02-06T03:04:56.830284Z DEBUG flox::config: Global config directory overridden path="/Users/chrisaddy/.config/flox"
2026-02-06T03:04:56.830686Z DEBUG flox::utils::update_notifications: Skipping update check in development mode
2026-02-06T03:04:56.830759Z DEBUG flox::commands: Metrics collection enabled
2026-02-06T03:04:56.830824Z DEBUG flox::utils::init::catalog_client: using catalog client with url: https://api.flox.dev
2026-02-06T03:04:56.830932Z DEBUG flox::commands: feature flags configured=Features { upload: false, qa: false, outputs: false }
2026-02-06T03:04:56.831617Z DEBUG check-upgrade: flox::utils::metrics: pushing entry to metrics buffer: MetricEntry { subcommand: Some("check-upgrade"), extras: {}, timestamp: 2026-02-06 3:04:56.83156 +00:00:00, uuid: 0a824aac-0c8d-4e49-8c87-9f02261ae266, flox_version: "1.8.3", os_family: Some("Mac OS"), os_family_release: Some("25.3.0"), os: None, os_version: None, empty_flags: [] }
2026-02-06T03:04:56.832699Z DEBUG check-upgrade: flox_rust_sdk::models::environment: detected concrete environment type: path
2026-02-06T03:04:56.833477Z DEBUG check-upgrade: flox_rust_sdk::providers::upgrade_checks: created unlocked upgrade information guard upgrade_information_path="/Users/chrisaddy/dotfiles/.flox/cache/upgrade-checks.json"
2026-02-06T03:04:56.833559Z DEBUG check-upgrade: flox::commands::check_for_upgrades: Recently checked for upgrades. Skipping.
2026-02-06T03:04:56.834051Z DEBUG flox::commands: removing process tempdir temp_dir="/Users/chrisaddy/.cache/flox/process/.tmpZcovbR"
2026-02-06T03:04:56.834281Z DEBUG flox::utils::metrics: Sending metrics to https://z7qixlmjr3.execute-api.eu-north-1.amazonaws.com/prod/capture
2026-02-06T03:04:56.834286Z DEBUG flox::utils::metrics: Metrics: [
  {
    "event": "cli-invocation",
    "properties": {
      "$current_url": "flox://activate",
      "$device_id": "0a824aac-0c8d-4e49-8c87-9f02261ae266",
      "$lib": "flox-cli",
      "$os": "Mac OS",
      "$pathname": "activate",
      "$set": {
        "$os": "Mac OS",
        "flox_cli_uuid": "0a824aac-0c8d-4e49-8c87-9f02261ae266",
        "flox_version": "1.8.3",
        "kernel_version": "25.3.0",
        "os": null,
        "os_family": "Mac OS",
        "os_family_release": "25.3.0",
        "os_version": null,
        "test": true,
        "used_rust_preview": true
      },
      "$set_once": {
        "$initial_os": "Mac OS",
        "initial_flox_version": "1.8.3",
        "initial_kernel_version": "25.3.0",
        "initial_os": null,
        "initial_os_family": "Mac OS",
        "initial_os_family_release": "25.3.0",
        "initial_os_version": null
      },
      "ci": false,
      "containerd": false,
      "distinct_id": "0a824aac-0c8d-4e49-8c87-9f02261ae266",
      "empty_flags": [],
      "extras": {
        "mode": "dev",
        "path_environment": "dotfiles",
        "start_services": "false"
      },
      "kernel_version": "25.3.0",
      "os": null,
      "os_family": "Mac OS",
      "os_family_release": "25.3.0",
      "os_version": null,
      "subcommand": "activate"
    },
    "timestamp": "2026-02-06T02:49:22.115210000Z",
    "uuid": "0fc8dcf5-b9fc-4c25-812b-78796581d67e"
  },
  {
    "event": "cli-invocation",
    "properties": {
      "$current_url": "flox://activate",
      "$device_id": "0a824aac-0c8d-4e49-8c87-9f02261ae266",
      "$lib": "flox-cli",
      "$os": "Mac OS",
      "$pathname": "activate",
      "$set": {
        "$os": "Mac OS",
        "flox_cli_uuid": "0a824aac-0c8d-4e49-8c87-9f02261ae266",
        "flox_version": "1.8.3",
        "kernel_version": "25.3.0",
        "os": null,
        "os_family": "Mac OS",
        "os_family_release": "25.3.0",
        "os_version": null,
        "test": true,
        "used_rust_preview": true
      },
      "$set_once": {
        "$initial_os": "Mac OS",
        "initial_flox_version": "1.8.3",
        "initial_kernel_version": "25.3.0",
        "initial_os": null,
        "initial_os_family": "Mac OS",
        "initial_os_family_release": "25.3.0",
        "initial_os_version": null
      },
      "ci": false,
      "containerd": false,
      "distinct_id": "0a824aac-0c8d-4e49-8c87-9f02261ae266",
      "empty_flags": [],
      "extras": {
        "has_includes": "false"
      },
      "kernel_version": "25.3.0",
      "os": null,
      "os_family": "Mac OS",
      "os_family_release": "25.3.0",
      "os_version": null,
      "subcommand": "activate"
    },
    "timestamp": "2026-02-06T02:49:22.118120000Z",
    "uuid": "3259d96c-410f-4537-81d9-67b404b237f6"
  },
  {
    "event": "cli-invocation",
    "properties": {
      "$current_url": "flox://check-upgrade",
      "$device_id": "0a824aac-0c8d-4e49-8c87-9f02261ae266",
      "$lib": "flox-cli",
      "$os": "Mac OS",
      "$pathname": "check-upgrade",
      "$set": {
        "$os": "Mac OS",
        "flox_cli_uuid": "0a824aac-0c8d-4e49-8c87-9f02261ae266",
        "flox_version": "1.8.3",
        "kernel_version": "25.3.0",
        "os": null,
        "os_family": "Mac OS",
        "os_family_release": "25.3.0",
        "os_version": null,
        "test": true,
        "used_rust_preview": true
      },
      "$set_once": {
        "$initial_os": "Mac OS",
        "initial_flox_version": "1.8.3",
        "initial_kernel_version": "25.3.0",
        "initial_os": null,
        "initial_os_family": "Mac OS",
        "initial_os_family_release": "25.3.0",
        "initial_os_version": null
      },
      "ci": false,
      "containerd": false,
      "distinct_id": "0a824aac-0c8d-4e49-8c87-9f02261ae266",
      "empty_flags": [],
      "extras": {},
      "kernel_version": "25.3.0",
      "os": null,
      "os_family": "Mac OS",
      "os_family_release": "25.3.0",
      "os_version": null,
      "subcommand": "check-upgrade"
    },
    "timestamp": "2026-02-06T02:49:22.126645000Z",
    "uuid": "5c185002-dc45-4852-ad43-3839eb506af0"
  },
  {
    "event": "cli-invocation",
    "properties": {
      "$current_url": "flox://activate#version",
      "$device_id": "0a824aac-0c8d-4e49-8c87-9f02261ae266",
      "$lib": "flox-cli",
      "$os": "Mac OS",
      "$pathname": "activate#version",
      "$set": {
        "$os": "Mac OS",
        "flox_cli_uuid": "0a824aac-0c8d-4e49-8c87-9f02261ae266",
        "flox_version": "1.8.3",
        "kernel_version": "25.3.0",
        "os": null,
        "os_family": "Mac OS",
        "os_family_release": "25.3.0",
        "os_version": null,
        "test": true,
        "used_rust_preview": true
      },
      "$set_once": {
        "$initial_os": "Mac OS",
        "initial_flox_version": "1.8.3",
        "initial_kernel_version": "25.3.0",
        "initial_os": null,
        "initial_os_family": "Mac OS",
        "initial_os_family_release": "25.3.0",
        "initial_os_version": null
      },
      "ci": false,
      "containerd": false,
      "distinct_id": "0a824aac-0c8d-4e49-8c87-9f02261ae266",
      "empty_flags": [],
      "extras": {
        "lockfile_version": "1"
      },
      "kernel_version": "25.3.0",
      "os": null,
      "os_family": "Mac OS",
      "os_family_release": "25.3.0",
      "os_version": null,
      "subcommand": "activate#version"
    },
    "timestamp": "2026-02-06T02:49:23.004818000Z",
    "uuid": "50457944-1a8b-4e76-833b-73047cad271a"
  },
  {
    "event": "cli-invocation",
    "properties": {
      "$current_url": "flox://activate#version",
      "$device_id": "0a824aac-0c8d-4e49-8c87-9f02261ae266",
      "$lib": "flox-cli",
      "$os": "Mac OS",
      "$pathname": "activate#version",
      "$set": {
        "$os": "Mac OS",
        "flox_cli_uuid": "0a824aac-0c8d-4e49-8c87-9f02261ae266",
        "flox_version": "1.8.3",
        "kernel_version": "25.3.0",
        "os": null,
        "os_family": "Mac OS",
        "os_family_release": "25.3.0",
        "os_version": null,
        "test": true,
        "used_rust_preview": true
      },
      "$set_once": {
        "$initial_os": "Mac OS",
        "initial_flox_version": "1.8.3",
        "initial_kernel_version": "25.3.0",
        "initial_os": null,
        "initial_os_family": "Mac OS",
        "initial_os_family_release": "25.3.0",
        "initial_os_version": null
      },
      "ci": false,
      "containerd": false,
      "distinct_id": "0a824aac-0c8d-4e49-8c87-9f02261ae266",
      "empty_flags": [],
      "extras": {
        "lockfile_version": "1"
      },
      "kernel_version": "25.3.0",
      "os": null,
      "os_family": "Mac OS",
      "os_family_release": "25.3.0",
      "os_version": null,
      "subcommand": "activate#version"
    },
    "timestamp": "2026-02-06T02:49:23.004960000Z",
    "uuid": "164f3bff-a66d-4d51-b7d9-13bae1366d7a"
  },
  {
    "event": "cli-invocation",
    "properties": {
      "$current_url": "flox://activate",
      "$device_id": "0a824aac-0c8d-4e49-8c87-9f02261ae266",
      "$lib": "flox-cli",
      "$os": "Mac OS",
      "$pathname": "activate",
      "$set": {
        "$os": "Mac OS",
        "flox_cli_uuid": "0a824aac-0c8d-4e49-8c87-9f02261ae266",
        "flox_version": "1.8.3",
        "kernel_version": "25.3.0",
        "os": null,
        "os_family": "Mac OS",
        "os_family_release": "25.3.0",
        "os_version": null,
        "test": true,
        "used_rust_preview": true
      },
      "$set_once": {
        "$initial_os": "Mac OS",
        "initial_flox_version": "1.8.3",
        "initial_kernel_version": "25.3.0",
        "initial_os": null,
        "initial_os_family": "Mac OS",
        "initial_os_family_release": "25.3.0",
        "initial_os_version": null
      },
      "ci": false,
      "containerd": false,
      "distinct_id": "0a824aac-0c8d-4e49-8c87-9f02261ae266",
      "empty_flags": [],
      "extras": {
        "shell": "zsh"
      },
      "kernel_version": "25.3.0",
      "os": null,
      "os_family": "Mac OS",
      "os_family_release": "25.3.0",
      "os_version": null,
      "subcommand": "activate"
    },
    "timestamp": "2026-02-06T02:49:23.005417000Z",
    "uuid": "d235d106-5862-49c9-bc55-35de162d158d"
  },
  {
    "event": "cli-invocation",
    "properties": {
      "$current_url": "flox://activate",
      "$device_id": "0a824aac-0c8d-4e49-8c87-9f02261ae266",
      "$lib": "flox-cli",
      "$os": "Mac OS",
      "$pathname": "activate",
      "$set": {
        "$os": "Mac OS",
        "flox_cli_uuid": "0a824aac-0c8d-4e49-8c87-9f02261ae266",
        "flox_version": "1.8.3",
        "kernel_version": "25.3.0",
        "os": null,
        "os_family": "Mac OS",
        "os_family_release": "25.3.0",
        "os_version": null,
        "test": true,
        "used_rust_preview": true
      },
      "$set_once": {
        "$initial_os": "Mac OS",
        "initial_flox_version": "1.8.3",
        "initial_kernel_version": "25.3.0",
        "initial_os": null,
        "initial_os_family": "Mac OS",
        "initial_os_family_release": "25.3.0",
        "initial_os_version": null
      },
      "ci": false,
      "containerd": false,
      "distinct_id": "0a824aac-0c8d-4e49-8c87-9f02261ae266",
      "empty_flags": [],
      "extras": {
        "mode": "dev",
        "path_environment": "dotfiles",
        "start_services": "false"
      },
      "kernel_version": "25.3.0",
      "os": null,
      "os_family": "Mac OS",
      "os_family_release": "25.3.0",
      "os_version": null,
      "subcommand": "activate"
    },
    "timestamp": "2026-02-06T03:04:56.819762000Z",
    "uuid": "9acc9f9a-d7dc-4658-b636-dbcd177ff35c"
  },
  {
    "event": "cli-invocation",
    "properties": {
      "$current_url": "flox://activate",
      "$device_id": "0a824aac-0c8d-4e49-8c87-9f02261ae266",
      "$lib": "flox-cli",
      "$os": "Mac OS",
      "$pathname": "activate",
      "$set": {
        "$os": "Mac OS",
        "flox_cli_uuid": "0a824aac-0c8d-4e49-8c87-9f02261ae266",
        "flox_version": "1.8.3",
        "kernel_version": "25.3.0",
        "os": null,
        "os_family": "Mac OS",
        "os_family_release": "25.3.0",
        "os_version": null,
        "test": true,
        "used_rust_preview": true
      },
      "$set_once": {
        "$initial_os": "Mac OS",
        "initial_flox_version": "1.8.3",
        "initial_kernel_version": "25.3.0",
        "initial_os": null,
        "initial_os_family": "Mac OS",
        "initial_os_family_release": "25.3.0",
        "initial_os_version": null
      },
      "ci": false,
      "containerd": false,
      "distinct_id": "0a824aac-0c8d-4e49-8c87-9f02261ae266",
      "empty_flags": [],
      "extras": {
        "has_includes": "false"
      },
      "kernel_version": "25.3.0",
      "os": null,
      "os_family": "Mac OS",
      "os_family_release": "25.3.0",
      "os_version": null,
      "subcommand": "activate"
    },
    "timestamp": "2026-02-06T03:04:56.823246000Z",
    "uuid": "352d1208-e56c-49db-99e8-946d15d31a4a"
  },
  {
    "event": "cli-invocation",
    "properties": {
      "$current_url": "flox://activate#version",
      "$device_id": "0a824aac-0c8d-4e49-8c87-9f02261ae266",
      "$lib": "flox-cli",
      "$os": "Mac OS",
      "$pathname": "activate#version",
      "$set": {
        "$os": "Mac OS",
        "flox_cli_uuid": "0a824aac-0c8d-4e49-8c87-9f02261ae266",
        "flox_version": "1.8.3",
        "kernel_version": "25.3.0",
        "os": null,
        "os_family": "Mac OS",
        "os_family_release": "25.3.0",
        "os_version": null,
        "test": true,
        "used_rust_preview": true
      },
      "$set_once": {
        "$initial_os": "Mac OS",
        "initial_flox_version": "1.8.3",
        "initial_kernel_version": "25.3.0",
        "initial_os": null,
        "initial_os_family": "Mac OS",
        "initial_os_family_release": "25.3.0",
        "initial_os_version": null
      },
      "ci": false,
      "containerd": false,
      "distinct_id": "0a824aac-0c8d-4e49-8c87-9f02261ae266",
      "empty_flags": [],
      "extras": {
        "lockfile_version": "1"
      },
      "kernel_version": "25.3.0",
      "os": null,
      "os_family": "Mac OS",
      "os_family_release": "25.3.0",
      "os_version": null,
      "subcommand": "activate#version"
    },
    "timestamp": "2026-02-06T03:04:56.824363000Z",
    "uuid": "1c2b8bea-fd6f-4d2c-bedb-b164bd30dc5e"
  },
  {
    "event": "cli-invocation",
    "properties": {
      "$current_url": "flox://activate#version",
      "$device_id": "0a824aac-0c8d-4e49-8c87-9f02261ae266",
      "$lib": "flox-cli",
      "$os": "Mac OS",
      "$pathname": "activate#version",
      "$set": {
        "$os": "Mac OS",
        "flox_cli_uuid": "0a824aac-0c8d-4e49-8c87-9f02261ae266",
        "flox_version": "1.8.3",
        "kernel_version": "25.3.0",
        "os": null,
        "os_family": "Mac OS",
        "os_family_release": "25.3.0",
        "os_version": null,
        "test": true,
        "used_rust_preview": true
      },
      "$set_once": {
        "$initial_os": "Mac OS",
        "initial_flox_version": "1.8.3",
        "initial_kernel_version": "25.3.0",
        "initial_os": null,
        "initial_os_family": "Mac OS",
        "initial_os_family_release": "25.3.0",
        "initial_os_version": null
      },
      "ci": false,
      "containerd": false,
      "distinct_id": "0a824aac-0c8d-4e49-8c87-9f02261ae266",
      "empty_flags": [],
      "extras": {
        "lockfile_version": "1"
      },
      "kernel_version": "25.3.0",
      "os": null,
      "os_family": "Mac OS",
      "os_family_release": "25.3.0",
      "os_version": null,
      "subcommand": "activate#version"
    },
    "timestamp": "2026-02-06T03:04:56.824446000Z",
    "uuid": "d0c8b322-6709-440f-a1f1-c498e72ea29b"
  },
  {
    "event": "cli-invocation",
    "properties": {
      "$current_url": "flox://activate",
      "$device_id": "0a824aac-0c8d-4e49-8c87-9f02261ae266",
      "$lib": "flox-cli",
      "$os": "Mac OS",
      "$pathname": "activate",
      "$set": {
        "$os": "Mac OS",
        "flox_cli_uuid": "0a824aac-0c8d-4e49-8c87-9f02261ae266",
        "flox_version": "1.8.3",
        "kernel_version": "25.3.0",
        "os": null,
        "os_family": "Mac OS",
        "os_family_release": "25.3.0",
        "os_version": null,
        "test": true,
        "used_rust_preview": true
      },
      "$set_once": {
        "$initial_os": "Mac OS",
        "initial_flox_version": "1.8.3",
        "initial_kernel_version": "25.3.0",
        "initial_os": null,
        "initial_os_family": "Mac OS",
        "initial_os_family_release": "25.3.0",
        "initial_os_version": null
      },
      "ci": false,
      "containerd": false,
      "distinct_id": "0a824aac-0c8d-4e49-8c87-9f02261ae266",
      "empty_flags": [],
      "extras": {
        "shell": "bash"
      },
      "kernel_version": "25.3.0",
      "os": null,
      "os_family": "Mac OS",
      "os_family_release": "25.3.0",
      "os_version": null,
      "subcommand": "activate"
    },
    "timestamp": "2026-02-06T03:04:56.825706000Z",
    "uuid": "b5671300-05c5-4c99-a3e6-cb91b1c52431"
  },
  {
    "event": "cli-invocation",
    "properties": {
      "$current_url": "flox://check-upgrade",
      "$device_id": "0a824aac-0c8d-4e49-8c87-9f02261ae266",
      "$lib": "flox-cli",
      "$os": "Mac OS",
      "$pathname": "check-upgrade",
      "$set": {
        "$os": "Mac OS",
        "flox_cli_uuid": "0a824aac-0c8d-4e49-8c87-9f02261ae266",
        "flox_version": "1.8.3",
        "kernel_version": "25.3.0",
        "os": null,
        "os_family": "Mac OS",
        "os_family_release": "25.3.0",
        "os_version": null,
        "test": true,
        "used_rust_preview": true
      },
      "$set_once": {
        "$initial_os": "Mac OS",
        "initial_flox_version": "1.8.3",
        "initial_kernel_version": "25.3.0",
        "initial_os": null,
        "initial_os_family": "Mac OS",
        "initial_os_family_release": "25.3.0",
        "initial_os_version": null
      },
      "ci": false,
      "containerd": false,
      "distinct_id": "0a824aac-0c8d-4e49-8c87-9f02261ae266",
      "empty_flags": [],
      "extras": {},
      "kernel_version": "25.3.0",
      "os": null,
      "os_family": "Mac OS",
      "os_family_release": "25.3.0",
      "os_version": null,
      "subcommand": "check-upgrade"
    },
    "timestamp": "2026-02-06T03:04:56.831560000Z",
    "uuid": "290593b5-2520-4700-8075-a9abebaeff95"
  }
]
2026-02-06T03:04:57.294588Z DEBUG flox::utils::metrics: Metrics sent result=Response { url: "https://z7qixlmjr3.execute-api.eu-north-1.amazonaws.com/prod/capture", status: 200, headers: {"date": "Fri, 06 Feb 2026 03:04:57 GMT", "content-type": "application/json", "content-length": "0", "connection": "keep-alive", "x-amzn-requestid": "cb53f6e4-6692-41a7-a0ef-4cfea53fb1e5", "x-amz-apigw-id": "YVsOAFESAi0EG3Q=", "x-amzn-trace-id": "Root=1-69855a59-27c1e45f79210a9e36a2d50e;Parent=6b007c8f83967700;Sampled=0"} }
