2026-02-06T02:49:22.122228Z DEBUG flox: FLOX_VERSION=1.8.3
2026-02-06T02:49:22.123188Z DEBUG flox::config: Global config directory overridden path="/Users/chrisaddy/.config/flox"
2026-02-06T02:49:22.123350Z DEBUG flox::utils::init::sentry: Initializing Sentry with DSN: https://85c9526795f5047c99a5247aab616295:@o4506548203094016.ingest.us.sentry.io/4506548241825792
2026-02-06T02:49:22.125020Z DEBUG flox: set _FLOX_SUBSYSTEM_VERBOSITY=2
2026-02-06T02:49:22.125549Z DEBUG flox::config: Global config directory overridden path="/Users/chrisaddy/.config/flox"
2026-02-06T02:49:22.125945Z DEBUG flox::utils::update_notifications: Skipping update check in development mode
2026-02-06T02:49:22.126021Z DEBUG flox::commands: Metrics collection enabled
2026-02-06T02:49:22.126092Z DEBUG flox::utils::init::catalog_client: using catalog client with url: https://api.flox.dev
2026-02-06T02:49:22.126214Z DEBUG flox::commands: feature flags configured=Features { upload: false, qa: false, outputs: false }
2026-02-06T02:49:22.126703Z DEBUG check-upgrade: flox::utils::metrics: pushing entry to metrics buffer: MetricEntry { subcommand: Some("check-upgrade"), extras: {}, timestamp: 2026-02-06 2:49:22.126645 +00:00:00, uuid: 0a824aac-0c8d-4e49-8c87-9f02261ae266, flox_version: "1.8.3", os_family: Some("Mac OS"), os_family_release: Some("25.3.0"), os: None, os_version: None, empty_flags: [] }
2026-02-06T02:49:22.127540Z DEBUG check-upgrade: flox_rust_sdk::models::environment: detected concrete environment type: path
2026-02-06T02:49:22.127719Z DEBUG check-upgrade: flox_rust_sdk::providers::upgrade_checks: created unlocked upgrade information guard upgrade_information_path="/Users/chrisaddy/dotfiles/.flox/cache/upgrade-checks.json"
2026-02-06T02:49:22.127764Z DEBUG check-upgrade: flox_rust_sdk::providers::upgrade_checks: lock acquired upgrade_information_path="/Users/chrisaddy/dotfiles/.flox/cache/upgrade-checks.json"
2026-02-06T02:49:22.127810Z DEBUG check-upgrade:check-upgrade: flox_rust_sdk::models::environment::core_environment: upgrading to_upgrade=""
2026-02-06T02:49:22.127868Z DEBUG check-upgrade:check-upgrade: flox_rust_sdk::models::environment::core_environment: checking group membership for requested packages
2026-02-06T02:49:22.127872Z DEBUG check-upgrade:check-upgrade: flox_rust_sdk::models::environment::core_environment: using catalog client to upgrade
2026-02-06T02:49:22.127875Z DEBUG check-upgrade:check-upgrade: flox_rust_sdk::models::environment::core_environment: upgrading to_upgrade=""
2026-02-06T02:49:22.128013Z DEBUG check-upgrade:check-upgrade:resolve_manifest: flox_rust_sdk::models::lockfile: All packages are already locked, skipping resolution
2026-02-06T02:49:22.128205Z DEBUG check-upgrade:check-upgrade:build: flox_rust_sdk::providers::buildenv: bulk checking validity of store_paths (paths passed to stdin) cmd=/nix/store/zjb9za9j8kr6kd5vzlzmzrsqlq3irrx1-nix-2.31.2/bin/nix --option extra-experimental-features 'nix-command flakes' path-info --offline --stdin
2026-02-06T02:49:22.844411Z DEBUG check-upgrade:check-upgrade:build: flox_rust_sdk::providers::buildenv: no paths to create gc roots for, skipping
2026-02-06T02:49:22.844617Z DEBUG check-upgrade:check-upgrade:build: flox_rust_sdk::providers::buildenv: using 'auto' store
2026-02-06T02:49:22.844630Z DEBUG check-upgrade:check-upgrade:build: flox_rust_sdk::providers::buildenv: building environment cmd=/nix/store/zjb9za9j8kr6kd5vzlzmzrsqlq3irrx1-nix-2.31.2/bin/nix --option extra-experimental-features 'nix-command flakes' --option pure-eval false --print-build-logs build --no-link --offline --json --file /nix/store/f3mcndjzp1364g4yk8adlzdcrh90dj3c-flox-buildenv-0.0.1/lib/buildenv.nix --argstr manifestLock /Users/chrisaddy/.cache/flox/process/.tmpkx9iA5/.tmpcs4aH6
2026-02-06T02:49:22.913737Z DEBUG check-upgrade: flox_rust_sdk::providers::upgrade_checks: wrote upgrade information upgrade_information_path="/Users/chrisaddy/dotfiles/.flox/cache/upgrade-checks.json"
2026-02-06T02:49:22.914252Z DEBUG flox::commands: removing process tempdir temp_dir="/Users/chrisaddy/.cache/flox/process/.tmpkx9iA5"
